[backblue.gif]
[fade.gif]
[index.html]
[abc/wedding/wedding-new/css/bootstrap.min.css]
[abc/wedding/wedding-new/css/style.css]
[abc/wedding/wedding-new/css/owl.carousel.css]
[abc/wedding/wedding-new/css/owl.theme.css]
[abc/wedding/wedding-new/css/owl.transitions.css]
[maxcdn.bootstrapcdn.com/font-awesome/4.4.0/css/font-awesome.min.css]
[abc/wedding/wedding-new/images/favicon.ico]
[abc/wedding/wedding-new/images/logo.png]
[abc/wedding/wedding-new/images/hero-image-3.jpg]
[abc/wedding/wedding-new/images/hero-image-2.jpg]
[abc/wedding/wedding-new/images/hero-image.jpg]
[abc/wedding/wedding-new/images/vendor-1.jpg]
[abc/wedding/wedding-new/images/vendor-4.jpg]
[abc/wedding/wedding-new/images/vendor-3.jpg]
[abc/wedding/wedding-new/images/location-pic.jpg]
[abc/wedding/wedding-new/images/location-pic-2.jpg]
[abc/wedding/wedding-new/images/location-pic-3.jpg]
[abc/wedding/wedding-new/images/location-pic-4.jpg]
[abc/wedding/wedding-new/images/couple-2.jpg]
[abc/wedding/wedding-new/images/couple-3.jpg]
[abc/wedding/wedding-new/images/couple-4.jpg]
[abc/wedding/wedding-new/js/jquery.min.js]
[abc/wedding/wedding-new/js/bootstrap.min.js]
[abc/wedding/wedding-new/js/jquery.flexnav.js]
[abc/wedding/wedding-new/js/navigation.js]
[abc/wedding/wedding-new/js/owl.carousel.min.js]
[abc/wedding/wedding-new/js/slider.js]
[abc/wedding/wedding-new/js/testimonial.js]
[abc/wedding/wedding-new/js/jquery.sticky.js]
[abc/wedding/wedding-new/js/header-sticky.js]
[abc/wedding/wedding-new/index.html]
[abc/wedding/wedding-new/fonts/glyphicons-halflings-regular.eot]
[abc/wedding/wedding-new/fonts/glyphicons-halflings-regulard41d.eot]
[abc/wedding/wedding-new/fonts/glyphicons-halflings-regular.woff]
[abc/wedding/wedding-new/fonts/glyphicons-halflings-regular.ttf]
[abc/wedding/wedding-new/css/bootstrap.min.css]
[abc/wedding/wedding-new/images/arrow.png]
[abc/wedding/wedding-new/images/popular.png]
[abc/wedding/wedding-new/images/top-rated.png]
[abc/wedding/wedding-new/images/feature-label.png]
[abc/wedding/wedding-new/images/page-header-img.jpg]
[abc/wedding/wedding-new/images/parallax-2.jpg]
[abc/wedding/wedding-new/images/dashboard-page-header.jpg]
[abc/wedding/wedding-new/images/vendor-profile-img.jpg]
[abc/wedding/wedding-new/images/couple-hero.jpg]
[abc/wedding/wedding-new/css/style.css]
[abc/wedding/wedding-new/css/owl.carousel.css]
[abc/wedding/wedding-new/css/owl.theme.css]
[abc/wedding/wedding-new/css/owl.transitions.css]
[maxcdn.bootstrapcdn.com/font-awesome/4.4.0/css/font-awesome.min.css]
[abc/wedding/wedding-new/css/fontello.css]
[abc/wedding/wedding-new/faq.html]
[abc/wedding/wedding-new/pricing-plan.html]
[abc/wedding/wedding-new/css/jquery-ui.css]
[code.jquery.com/ui/1.12.0/jquery-ui.js]
[abc/wedding/wedding-new/js/date-script.js]
[abc/wedding/wedding-new/signup-couple.html]
[abc/wedding/wedding-new/signup-vendor.html]
[abc/wedding/wedding-new/login-page.html]
[abc/wedding/wedding-new/images/slider-1.jpg]
[abc/wedding/wedding-new/images/slider-2.jpg]
[abc/wedding/wedding-new/images/slider-3.jpg]
[abc/wedding/wedding-new/images/vendor-total-thumb-1.jpg]
[abc/wedding/wedding-new/images/vendor-total-thumb-4.jpg]
[abc/wedding/wedding-new/images/vendor-total-thumb-5.jpg]
[abc/wedding/wedding-new/images/vendor-total-thumb-6.jpg]
[abc/wedding/wedding-new/images/real-wedding-1.jpg]
[abc/wedding/wedding-new/images/real-wedding-2.jpg]
[abc/wedding/wedding-new/index-2.html]
[abc/wedding/wedding-new/images/vendor-6.jpg]
[abc/wedding/wedding-new/images/vendor-7.jpg]
[abc/wedding/wedding-new/images/vendor-8.jpg]
[abc/wedding/wedding-new/js/price-slider.js]
[abc/wedding/wedding-new/vendor-listing-row-map.html]
[abc/wedding/wedding-new/images/vendor-2.jpg]
[abc/wedding/wedding-new/vendor-listing-sidebar.html]
[abc/wedding/wedding-new/vendor-listing-no-sidebar.html]
[abc/wedding/wedding-new/vendor-listing-top-map.html]
[abc/wedding/wedding-new/vendor-list-4-colmun.html]
[abc/wedding/wedding-new/vendor-list-3-colmun.html]
[abc/wedding/wedding-new/vendor-list-horizontal.html]
[abc/wedding/wedding-new/images/vendor-new-1.jpg]
[abc/wedding/wedding-new/images/vendor-new-2.jpg]
[abc/wedding/wedding-new/images/vendor-new-3.jpg]
[abc/wedding/wedding-new/images/vendor-new-4.jpg]
[abc/wedding/wedding-new/vendor-list-new.html]
[abc/wedding/wedding-new/vendor-listing-bubba.html]
[abc/wedding/wedding-new/vendor-listing-ocean.html]
[abc/wedding/wedding-new/images/venue-pic-3.jpg]
[abc/wedding/wedding-new/images/venue-pic.jpg]
[abc/wedding/wedding-new/images/userpic.jpg]
[abc/wedding/wedding-new/images/profile_user.jpg]
[abc/wedding/wedding-new/vendor-details.html]
[abc/wedding/wedding-new/images/video.jpg]
[abc/wedding/wedding-new/js/thumbnail-slider.js]
[abc/wedding/wedding-new/vendor-details-tabbed.html]
[abc/wedding/wedding-new/images/vendor-logo.jpg]
[abc/wedding/wedding-new/vendor-profile.html]
[abc/wedding/wedding-new/js/bootstrap-select.js]
[abc/wedding/wedding-new/venue-listing.html]
[abc/wedding/wedding-new/photography-listing.html]
[abc/wedding/wedding-new/videography-listing.html]
[abc/wedding/wedding-new/cake-listing.html]
[abc/wedding/wedding-new/music-listing.html]
[abc/wedding/wedding-new/images/hero-to-do.png]
[abc/wedding/wedding-new/images/to-do-app-screen.png]
[abc/wedding/wedding-new/images/button-app-store.png]
[abc/wedding/wedding-new/images/button-google-play.png]
[abc/wedding/wedding-new/images/app-screen.png]
[abc/wedding/wedding-new/planning-to-do.html]
[abc/wedding/wedding-new/images/budget-hero.png]
[abc/wedding/wedding-new/planning-budget.html]
[abc/wedding/wedding-new/images/to-do-icon.png]
[abc/wedding/wedding-new/images/cost-estimate.png]
[abc/wedding/wedding-new/images/guest-list.png]
[abc/wedding/wedding-new/images/table-seating.png]
[abc/wedding/wedding-new/couple-landing-page.html]
[abc/wedding/wedding-new/images/couple-profile.jpg]
[abc/wedding/wedding-new/couple-dashboard.html]
[abc/wedding/wedding-new/dashboard-vendor.html]
[abc/wedding/wedding-new/images/post-pic-2.jpg]
[abc/wedding/wedding-new/images/post-pic.jpg]
[abc/wedding/wedding-new/images/post-pic-3.jpg]
[abc/wedding/wedding-new/blog.html]
[abc/wedding/wedding-new/images/founder.jpg]
[abc/wedding/wedding-new/images/user-pic-2.jpg]
[abc/wedding/wedding-new/blog-single.html]
[abc/wedding/wedding-new/images/cycle-graphic.png]
[abc/wedding/wedding-new/images/team-pic1.jpg]
[abc/wedding/wedding-new/images/team-pic7.jpg]
[abc/wedding/wedding-new/images/team-pic8.jpg]
[abc/wedding/wedding-new/images/team-pic2.jpg]
[abc/wedding/wedding-new/js/offset.js]
[abc/wedding/wedding-new/about-us.html]
[abc/wedding/wedding-new/contact-us.html]
[abc/wedding/wedding-new/404-error.html]
[abc/wedding/wedding-new/shortcode-columns.html]
[abc/wedding/wedding-new/js/accordion-sign.js]
[abc/wedding/wedding-new/shortcode-accordion.html]
[abc/wedding/wedding-new/shortcode-tabs.html]
[abc/wedding/wedding-new/shortcode-pagination.html]
[abc/wedding/wedding-new/shortcode-typography.html]
[abc/wedding/wedding-new/shordcods-alerts.html]
[abc/wedding/wedding-new/wedding-guideline.html]
[abc/wedding/wedding-new/images/real-wedding-4.jpg]
[abc/wedding/wedding-new/images/real-wedding-5.jpg]
[abc/wedding/wedding-new/images/real-wedding-6.jpg]
[abc/wedding/wedding-new/real-wedding-listing.html]
[abc/wedding/wedding-new/images/real-wedding-large.jpg]
[www.prepbootstrap.com/Content/images/template/ResponsiveImageTiles/city1.jpg]
[www.prepbootstrap.com/Content/images/template/ResponsiveImageTiles/city2.jpg]
[www.prepbootstrap.com/Content/images/template/ResponsiveImageTiles/city3.jpg]
[www.prepbootstrap.com/Content/images/template/ResponsiveImageTiles/city4.jpg]
[www.prepbootstrap.com/Content/images/template/ResponsiveImageTiles/city5.jpg]
[www.prepbootstrap.com/Content/images/template/ResponsiveImageTiles/city6.jpg]
[www.prepbootstrap.com/Content/images/template/ResponsiveImageTiles/city7.jpg]
[abc/wedding/wedding-new/real-wedding-single.html]
[abc/wedding/wedding-new/images/vendor.svg]
[abc/wedding/wedding-new/images/mail.svg]
[abc/wedding/wedding-new/images/couple.svg]
[abc/wedding/wedding-new/images/location-pic-5.jpg]
[abc/wedding/wedding-new/images/couple.jpg]
[abc/wedding/wedding-new/fonts/glyphicons-halflings-regular.html]
[abc/wedding/wedding-new/fonts/glyphicons-halflings-regular.svg]
[abc/wedding/wedding-new/css/AjaxLoader.html]
[abc/wedding/wedding-new/fonts/fontellocf1b.eot]
[abc/wedding/wedding-new/fonts/fontellocf1b.woff]
[abc/wedding/wedding-new/fonts/fontellocf1b.ttf]
[abc/wedding/wedding-new/css/fontello.css]
[abc/wedding/wedding-new/images/ui-icons_444444_256x240.png]
[abc/wedding/wedding-new/css/jquery-ui.css]
[abc/wedding/wedding-new/forget-password.html]
[abc/wedding/wedding-new/images/vendor-total-thumb-2.jpg]
[abc/wedding/wedding-new/images/vendor-total-thumb-3.jpg]
[abc/wedding/wedding-new/images/real-wedding-3.jpg]
[abc/wedding/wedding-new/dresses-listing.html]
[abc/wedding/wedding-new/florist-listing.html]
[abc/wedding/wedding-new/vendor-list.html]
[abc/wedding/wedding-new/couple-wishlist.html]
[abc/wedding/wedding-new/couple-checklist.html]
[abc/wedding/wedding-new/couple-budget.html]
[abc/wedding/wedding-new/couple-guestlist.html]
[abc/wedding/wedding-new/couple-profile.html]
[abc/wedding/wedding-new/css/flaticon.html]
[abc/wedding/wedding-new/images/vendor-5.jpg]
[abc/wedding/wedding-new/dashboard-my-listing.html]
[abc/wedding/wedding-new/dashboard-add-listing.html]
[abc/wedding/wedding-new/dashboard-pricing.html]
[abc/wedding/wedding-new/images/vendor-1.svg]
[abc/wedding/wedding-new/images/list.svg]
[abc/wedding/wedding-new/images/vendor-done.svg]
[abc/wedding/wedding-new/fonts/fontellocf1b.html]
[abc/wedding/wedding-new/fonts/fontellocf1b.svg]
[abc/wedding/wedding-new/images/ui-icons_777777_256x240.html]
[abc/wedding/wedding-new/images/ui-icons_555555_256x240.html]
[abc/wedding/wedding-new/images/ui-icons_ffffff_256x240.html]
[abc/wedding/wedding-new/images/ui-icons_777620_256x240.html]
[abc/wedding/wedding-new/images/ui-icons_cc0000_256x240.html]
[abc/wedding/wedding-new/dashboard-profile.html]
[abc/wedding/wedding-new/images/vendor-9.jpg]
[abc/wedding/wedding-new/images/profile-dashbaord.png]
[abc/wedding/wedding-new/js/jquery.circlechart.js]
